main.c:120:5:main	280	static
main.c:431:6:SystemClock_Config	88	static
main.c:476:13:MX_ADC1_Init	24	static
main.c:526:13:MX_SPI3_Init	8	static
main.c:564:13:MX_TIM3_Init	32	static
main.c:609:13:MX_TIM11_Init	8	static
main.c:640:13:MX_USART2_UART_Init	8	static
main.c:671:13:MX_DMA_Init	16	static
main.c:689:13:MX_GPIO_Init	48	static
main.c:741:6:MCP4922SetOutput	24	static
main.c:748:6:HAL_SPI_TxCpltCallback	16	static
main.c:756:6:HAL_TIM_PeriodElapsedCallback	24	static
main.c:764:17:micros	12	static
main.c:769:9:UARTRecieveIT	16	static
main.c:781:6:HAL_UART_RxCpltCallback	16	static
main.c:792:6:Error_Handler	4	static,ignoring_inline_asm
